
> dams-belleza@0.1.0 build
> next build

  Ôû▓ Next.js 14.2.33
  - Environments: .env

   Creating an optimized production build ...
 Ô£ô Compiled successfully
   Linting and checking validity of types ...
   Collecting page data ...
   Generating static pages (0/45) ...
   Generating static pages (11/45) 
   Generating static pages (22/45) 
   Generating static pages (33/45) 
 Ô£ô Generating static pages (45/45)
   Finalizing page optimization ...
   Collecting build traces ...

Route (app)                                  Size     First Load JS
Ôöî Ôùï /                                        139 B          87.7 kB
Ôö£ Ôùï /_not-found                              877 B          88.5 kB
Ôö£ ÔùÅ /[locale]                                199 B           109 kB
Ôö£   Ôö£ /en
Ôö£   Ôöö /fr
Ôö£ ÔùÅ /[locale]/admin/delivery                 1.99 kB         102 kB
Ôö£   Ôö£ /en/admin/delivery
Ôö£   Ôöö /fr/admin/delivery
Ôö£ ÔùÅ /[locale]/admin/notifications            1 kB            101 kB
Ôö£   Ôö£ /en/admin/notifications
Ôö£   Ôöö /fr/admin/notifications
Ôö£ ÔùÅ /[locale]/admin/orders                   970 B           101 kB
Ôö£   Ôö£ /en/admin/orders
Ôö£   Ôöö /fr/admin/orders
Ôö£ ÔùÅ /[locale]/admin/payments                 1.04 kB         101 kB
Ôö£   Ôö£ /en/admin/payments
Ôö£   Ôöö /fr/admin/payments
Ôö£ ÔùÅ /[locale]/admin/products                 2.66 kB         103 kB
Ôö£   Ôö£ /en/admin/products
Ôö£   Ôöö /fr/admin/products
Ôö£ ÔùÅ /[locale]/admin/reports                  119 kB          219 kB
Ôö£   Ôö£ /en/admin/reports
Ôö£   Ôöö /fr/admin/reports
Ôö£ ÔùÅ /[locale]/admin/roles                    1.79 kB         102 kB
Ôö£   Ôö£ /en/admin/roles
Ôö£   Ôöö /fr/admin/roles
Ôö£ ÔùÅ /[locale]/auth/forgot-password           1.11 kB         110 kB
Ôö£   Ôö£ /en/auth/forgot-password
Ôö£   Ôöö /fr/auth/forgot-password
Ôö£ ÔùÅ /[locale]/auth/reset-password            1.15 kB         110 kB
Ôö£   Ôö£ /en/auth/reset-password
Ôö£   Ôöö /fr/auth/reset-password
Ôö£ ÔùÅ /[locale]/auth/sign-in                   1.04 kB         119 kB
Ôö£   Ôö£ /en/auth/sign-in
Ôö£   Ôöö /fr/auth/sign-in
Ôö£ ÔùÅ /[locale]/auth/sign-up                   1.25 kB         120 kB
Ôö£   Ôö£ /en/auth/sign-up
Ôö£   Ôöö /fr/auth/sign-up
Ôö£ ÔùÅ /[locale]/checkout                       4.49 kB         113 kB
Ôö£   Ôö£ /en/checkout
Ôö£   Ôöö /fr/checkout
Ôö£ ÔùÅ /[locale]/checkout/success               199 B           109 kB
Ôö£   Ôö£ /en/checkout/success
Ôö£   Ôöö /fr/checkout/success
Ôö£ ÔùÅ /[locale]/products                       199 B           109 kB
Ôö£   Ôö£ /en/products
Ôö£   Ôöö /fr/products
Ôö£ ãÆ /[locale]/products/[slug]                173 B           100 kB
Ôö£ ÔùÅ /[locale]/track-order                    199 B           109 kB
Ôö£   Ôö£ /en/track-order
Ôö£   Ôöö /fr/track-order
Ôö£ ÔùÅ /[locale]/unauthorized                   199 B           109 kB
Ôö£   Ôö£ /en/unauthorized
Ôö£   Ôöö /fr/unauthorized
Ôö£ ãÆ /api/auth/[...nextauth]                  0 B                0 B
Ôö£ ãÆ /api/auth/forgot-password                0 B                0 B
Ôö£ ãÆ /api/auth/register                       0 B                0 B
Ôö£ ãÆ /api/auth/reset-password                 0 B                0 B
Ôö£ ãÆ /api/delivery/[deliveryId]/status        0 B                0 B
Ôö£ ãÆ /api/delivery/assign                     0 B                0 B
Ôö£ ãÆ /api/delivery/riders                     0 B                0 B
Ôö£ ãÆ /api/delivery/riders/[riderId]           0 B                0 B
Ôö£ ãÆ /api/delivery/zones                      0 B                0 B
Ôö£ ãÆ /api/delivery/zones/[zoneId]             0 B                0 B
Ôö£ ãÆ /api/documents/invoices/[invoiceNumber]  0 B                0 B
Ôö£ ãÆ /api/documents/receipts/[receiptNumber]  0 B                0 B
Ôö£ ãÆ /api/health                              0 B                0 B
Ôö£ ãÆ /api/health/live                         0 B                0 B
Ôö£ ãÆ /api/health/ready                        0 B                0 B
Ôö£ ãÆ /api/notifications                       0 B                0 B
Ôö£ ãÆ /api/notifications/[notificationId]      0 B                0 B
Ôö£ ãÆ /api/orders                              0 B                0 B
Ôö£ ãÆ /api/orders/[orderId]/status             0 B                0 B
Ôö£ ãÆ /api/payments                            0 B                0 B
Ôö£ ãÆ /api/payments/[paymentId]/status         0 B                0 B
Ôö£ ãÆ /api/products                            0 B                0 B
Ôö£ ãÆ /api/products/[id]                       0 B                0 B
Ôö£ ãÆ /api/products/upload                     0 B                0 B
Ôö£ ãÆ /api/reports                             0 B                0 B
Ôö£ ãÆ /api/reports/export                      0 B                0 B
Ôö£ ãÆ /api/roles                               0 B                0 B
Ôö£ ãÆ /api/roles/[roleId]/permissions          0 B                0 B
Ôö£ ãÆ /api/storefront/orders                   0 B                0 B
Ôöö ãÆ /api/users/[userId]/roles                0 B                0 B
+ First Load JS shared by all                87.6 kB
  Ôö£ chunks/117-73e6adcbe72472b5.js           31.9 kB
  Ôö£ chunks/fd9d1056-f7759d89d0214c9d.js      53.6 kB
  Ôöö other shared chunks (total)              2.05 kB


ãÆ Middleware                                 59.4 kB

Ôùï  (Static)   prerendered as static content
ÔùÅ  (SSG)      prerendered as static HTML (uses getStaticProps)
ãÆ  (Dynamic)  server-rendered on demand

